2026-08-18 12:00:17,766 INFO o.a.j.u.JMeterUtils: Setting Locale to en_EN
2026-08-18 12:00:17,805 INFO o.a.j.JMeter: Loading user properties from: C:\Installers\apache-jmeter\apache-jmeter-5.6.3\bin\user.properties
2026-08-18 12:00:17,823 INFO o.a.j.JMeter: Loading system properties from: C:\Installers\apache-jmeter\apache-jmeter-5.6.3\bin\system.properties
2026-08-18 12:00:17,832 INFO o.a.j.JMeter: Copyright (c) 1998-2024 The Apache Software Foundation
2026-08-18 12:00:17,832 INFO o.a.j.JMeter: Version 5.6.3
2026-08-18 12:00:17,832 INFO o.a.j.JMeter: java.version=21.0.2
2026-08-18 12:00:17,832 INFO o.a.j.JMeter: java.vm.name=OpenJDK 64-Bit Server VM
2026-08-18 12:00:17,832 INFO o.a.j.JMeter: os.name=Windows 11
2026-08-18 12:00:17,832 INFO o.a.j.JMeter: os.arch=amd64
2026-08-18 12:00:17,832 INFO o.a.j.JMeter: os.version=10.0
2026-08-18 12:00:17,833 INFO o.a.j.JMeter: file.encoding=UTF-8
2026-08-18 12:00:17,833 INFO o.a.j.JMeter: java.awt.headless=null
2026-08-18 12:00:17,833 INFO o.a.j.JMeter: Max memory     =1073741824
2026-08-18 12:00:17,833 INFO o.a.j.JMeter: Available Processors =8
2026-08-18 12:00:17,847 INFO o.a.j.JMeter: Default Locale=English (EN)
2026-08-18 12:00:17,847 INFO o.a.j.JMeter: JMeter  Locale=English (EN)
2026-08-18 12:00:17,847 INFO o.a.j.JMeter: JMeterHome=C:\Installers\apache-jmeter\apache-jmeter-5.6.3
2026-08-18 12:00:17,848 INFO o.a.j.JMeter: user.dir  =C:\workspace\interview\jmeter\scripts
2026-08-18 12:00:17,848 INFO o.a.j.JMeter: PWD       =C:\workspace\interview\jmeter\scripts
2026-08-18 12:00:17,849 INFO o.a.j.JMeter: IP: 172.27.192.1 Name: Ibrahim-PC FullName: Ibrahim-PC
2026-08-18 12:00:17,871 INFO o.a.j.JMeter: Loaded icon properties from org/apache/jmeter/images/icon.properties
2026-08-18 12:00:18,202 INFO o.a.j.JMeterGuiLauncher: Setting LAF to: laf:com.sun.java.swing.plaf.windows.WindowsLookAndFeel
2026-08-18 12:00:19,504 INFO o.a.j.r.ClassFinder: Will scan jar C:\Installers\apache-jmeter\apache-jmeter-5.6.3\lib\ext\di-kafkameter-1.3.jar with filter ExtendsClassFilter [parents=[interface org.apache.jmeter.gui.action.Command], inner=false, contains=null, notContains=null]. Consider exposing JMeter plugins via META-INF/services, and add JMeter-Skip-Class-Scanning=true manifest attribute so JMeter can skip classfile scanning
2026-08-18 12:00:19,516 INFO o.a.j.r.ClassFinder: Will scan jar C:\Installers\apache-jmeter\apache-jmeter-5.6.3\lib\ext\jmeter-websocket-samplers-1.2.10.jar with filter ExtendsClassFilter [parents=[interface org.apache.jmeter.gui.action.Command], inner=false, contains=null, notContains=null]. Consider exposing JMeter plugins via META-INF/services, and add JMeter-Skip-Class-Scanning=true manifest attribute so JMeter can skip classfile scanning
2026-08-18 12:00:19,556 INFO o.a.j.r.ClassFinder: Will scan jar C:\Installers\apache-jmeter\apache-jmeter-5.6.3\lib\ext\jmeter-plugins-manager-1.10.jar with filter ExtendsClassFilter [parents=[interface org.apache.jmeter.gui.action.Command], inner=false, contains=null, notContains=null]. Consider exposing JMeter plugins via META-INF/services, and add JMeter-Skip-Class-Scanning=true manifest attribute so JMeter can skip classfile scanning
2026-08-18 12:00:19,677 INFO o.a.j.r.ClassFinder: Will scan jar C:\Installers\apache-jmeter\apache-jmeter-5.6.3\lib\ext\jmeter-plugins-dummy-0.4.jar with filter ExtendsClassFilter [parents=[interface org.apache.jmeter.gui.action.Command], inner=false, contains=null, notContains=null]. Consider exposing JMeter plugins via META-INF/services, and add JMeter-Skip-Class-Scanning=true manifest attribute so JMeter can skip classfile scanning
2026-08-18 12:00:19,750 INFO o.a.j.r.ClassFinder: Will scan jar C:\Installers\apache-jmeter\apache-jmeter-5.6.3\lib\ext\di-kafkameter-1.3.jar with filter ExtendsClassFilter [parents=[interface org.apache.jmeter.gui.plugin.MenuCreator], inner=false, contains=null, notContains=null]. Consider exposing JMeter plugins via META-INF/services, and add JMeter-Skip-Class-Scanning=true manifest attribute so JMeter can skip classfile scanning
2026-08-18 12:00:19,751 INFO o.a.j.r.ClassFinder: Will scan jar C:\Installers\apache-jmeter\apache-jmeter-5.6.3\lib\ext\jmeter-websocket-samplers-1.2.10.jar with filter ExtendsClassFilter [parents=[interface org.apache.jmeter.gui.plugin.MenuCreator], inner=false, contains=null, notContains=null]. Consider exposing JMeter plugins via META-INF/services, and add JMeter-Skip-Class-Scanning=true manifest attribute so JMeter can skip classfile scanning
2026-08-18 12:00:19,755 INFO o.a.j.r.ClassFinder: Will scan jar C:\Installers\apache-jmeter\apache-jmeter-5.6.3\lib\ext\jmeter-plugins-manager-1.10.jar with filter ExtendsClassFilter [parents=[interface org.apache.jmeter.gui.plugin.MenuCreator], inner=false, contains=null, notContains=null]. Consider exposing JMeter plugins via META-INF/services, and add JMeter-Skip-Class-Scanning=true manifest attribute so JMeter can skip classfile scanning
2026-08-18 12:00:19,757 INFO o.a.j.r.ClassFinder: Will scan jar C:\Installers\apache-jmeter\apache-jmeter-5.6.3\lib\ext\jmeter-plugins-dummy-0.4.jar with filter ExtendsClassFilter [parents=[interface org.apache.jmeter.gui.plugin.MenuCreator], inner=false, contains=null, notContains=null]. Consider exposing JMeter plugins via META-INF/services, and add JMeter-Skip-Class-Scanning=true manifest attribute so JMeter can skip classfile scanning
2026-08-18 12:00:19,935 INFO o.j.r.JARSourceHTTP: Found cached repo
2026-08-18 12:00:20,256 INFO o.j.r.PluginManager: Plugins Status: [di-kafkameter=1.3, jpgc-dummy=0.4, jpgc-plugins-manager=1.10, websocket-samplers=1.2.10, jmeter-core=5.6.3, jmeter-ftp=5.6.3, jmeter-http=5.6.3, jmeter-jdbc=5.6.3, jmeter-jms=5.6.3, jmeter-junit=5.6.3, jmeter-java=5.6.3, jmeter-ldap=5.6.3, jmeter-mail=5.6.3, jmeter-mongodb=5.6.3, jmeter-native=5.6.3, jmeter-tcp=5.6.3, jmeter-components=5.6.3]
2026-08-18 12:00:20,257 INFO o.j.r.PluginManagerMenuItem: Plugins Manager has upgrades: [jpgc-plugins-manager, websocket-samplers]
2026-08-18 12:00:27,459 INFO o.a.j.g.a.t.TemplateManager: Reading templates from: C:\Installers\apache-jmeter\apache-jmeter-5.6.3\bin\templates\templates.xml
2026-08-18 12:00:41,816 INFO o.a.j.g.a.Load: Loading file: C:\Users\MOHAME~1\AppData\Local\Temp\Recording16989967555252276859.output
2026-08-18 12:00:42,040 INFO o.a.j.s.SaveService: Testplan (JMX) version: 2.2. Testlog (JTL) version: 2.2
2026-08-18 12:00:42,063 INFO o.a.j.s.SaveService: Using SaveService properties version 5.0
2026-08-18 12:00:42,065 INFO o.a.j.s.SaveService: Using SaveService properties file encoding UTF-8
2026-08-18 12:00:42,067 INFO o.a.j.s.SaveService: Loading file: C:\Users\MOHAME~1\AppData\Local\Temp\Recording16989967555252276859.output
2026-08-18 12:00:42,196 INFO o.a.j.p.h.c.CookieManager: Settings: Delete null: true Check: true Allow variable: true Save: false Prefix: COOKIE_
2026-08-18 12:00:42,515 INFO o.a.j.e.KeyToolUtils: keytool found at 'keytool'
2026-08-18 12:00:42,516 INFO o.a.j.p.h.p.ProxyControl: HTTP(S) Test Script Recorder SSL Proxy will use keys that support embedded 3rd party resources in file C:\Installers\apache-jmeter\apache-jmeter-5.6.3\bin\proxyserver.jks
2026-08-18 12:00:42,616 INFO o.a.j.p.h.s.HTTPSamplerBase: Parser for text/html is org.apache.jmeter.protocol.http.parser.LagartoBasedHtmlParser
2026-08-18 12:00:42,616 INFO o.a.j.p.h.s.HTTPSamplerBase: Parser for application/xhtml+xml is org.apache.jmeter.protocol.http.parser.LagartoBasedHtmlParser
2026-08-18 12:00:42,617 INFO o.a.j.p.h.s.HTTPSamplerBase: Parser for application/xml is org.apache.jmeter.protocol.http.parser.LagartoBasedHtmlParser
2026-08-18 12:00:42,617 INFO o.a.j.p.h.s.HTTPSamplerBase: Parser for text/xml is org.apache.jmeter.protocol.http.parser.LagartoBasedHtmlParser
2026-08-18 12:00:42,617 INFO o.a.j.p.h.s.HTTPSamplerBase: Parser for text/vnd.wap.wml is org.apache.jmeter.protocol.http.parser.RegexpHTMLParser
2026-08-18 12:00:42,617 INFO o.a.j.p.h.s.HTTPSamplerBase: Parser for text/css is org.apache.jmeter.protocol.http.parser.CssParser
2026-08-18 12:00:42,737 INFO o.a.j.s.SampleResult: Note: Sample TimeStamps are START times
2026-08-18 12:00:42,737 INFO o.a.j.s.SampleResult: sampleresult.default.encoding is set to UTF-8
2026-08-18 12:00:42,737 INFO o.a.j.s.SampleResult: sampleresult.useNanoTime=true
2026-08-18 12:00:42,737 INFO o.a.j.s.SampleResult: sampleresult.nanoThreadSleep=5000
2026-08-18 12:00:42,872 INFO o.a.j.r.ClassFinder: Will scan jar C:\Installers\apache-jmeter\apache-jmeter-5.6.3\lib\ext\di-kafkameter-1.3.jar with filter ExtendsClassFilter [parents=[interface org.apache.jmeter.visualizers.ResultRenderer], inner=false, contains=null, notContains=null]. Consider exposing JMeter plugins via META-INF/services, and add JMeter-Skip-Class-Scanning=true manifest attribute so JMeter can skip classfile scanning
2026-08-18 12:00:42,873 INFO o.a.j.r.ClassFinder: Will scan jar C:\Installers\apache-jmeter\apache-jmeter-5.6.3\lib\ext\jmeter-websocket-samplers-1.2.10.jar with filter ExtendsClassFilter [parents=[interface org.apache.jmeter.visualizers.ResultRenderer], inner=false, contains=null, notContains=null]. Consider exposing JMeter plugins via META-INF/services, and add JMeter-Skip-Class-Scanning=true manifest attribute so JMeter can skip classfile scanning
2026-08-18 12:00:42,876 INFO o.a.j.r.ClassFinder: Will scan jar C:\Installers\apache-jmeter\apache-jmeter-5.6.3\lib\ext\jmeter-plugins-manager-1.10.jar with filter ExtendsClassFilter [parents=[interface org.apache.jmeter.visualizers.ResultRenderer], inner=false, contains=null, notContains=null]. Consider exposing JMeter plugins via META-INF/services, and add JMeter-Skip-Class-Scanning=true manifest attribute so JMeter can skip classfile scanning
2026-08-18 12:00:42,878 INFO o.a.j.r.ClassFinder: Will scan jar C:\Installers\apache-jmeter\apache-jmeter-5.6.3\lib\ext\jmeter-plugins-dummy-0.4.jar with filter ExtendsClassFilter [parents=[interface org.apache.jmeter.visualizers.ResultRenderer], inner=false, contains=null, notContains=null]. Consider exposing JMeter plugins via META-INF/services, and add JMeter-Skip-Class-Scanning=true manifest attribute so JMeter can skip classfile scanning
2026-08-18 12:00:42,895 INFO o.a.j.r.ClassFinder: Will scan jar C:\Installers\apache-jmeter\apache-jmeter-5.6.3\lib\ext\di-kafkameter-1.3.jar with filter ExtendsClassFilter [parents=[interface org.apache.jmeter.visualizers.RequestView], inner=false, contains=null, notContains=null]. Consider exposing JMeter plugins via META-INF/services, and add JMeter-Skip-Class-Scanning=true manifest attribute so JMeter can skip classfile scanning
2026-08-18 12:00:42,896 INFO o.a.j.r.ClassFinder: Will scan jar C:\Installers\apache-jmeter\apache-jmeter-5.6.3\lib\ext\jmeter-websocket-samplers-1.2.10.jar with filter ExtendsClassFilter [parents=[interface org.apache.jmeter.visualizers.RequestView], inner=false, contains=null, notContains=null]. Consider exposing JMeter plugins via META-INF/services, and add JMeter-Skip-Class-Scanning=true manifest attribute so JMeter can skip classfile scanning
2026-08-18 12:00:42,899 INFO o.a.j.r.ClassFinder: Will scan jar C:\Installers\apache-jmeter\apache-jmeter-5.6.3\lib\ext\jmeter-plugins-manager-1.10.jar with filter ExtendsClassFilter [parents=[interface org.apache.jmeter.visualizers.RequestView], inner=false, contains=null, notContains=null]. Consider exposing JMeter plugins via META-INF/services, and add JMeter-Skip-Class-Scanning=true manifest attribute so JMeter can skip classfile scanning
2026-08-18 12:00:42,900 INFO o.a.j.r.ClassFinder: Will scan jar C:\Installers\apache-jmeter\apache-jmeter-5.6.3\lib\ext\jmeter-plugins-dummy-0.4.jar with filter ExtendsClassFilter [parents=[interface org.apache.jmeter.visualizers.RequestView], inner=false, contains=null, notContains=null]. Consider exposing JMeter plugins via META-INF/services, and add JMeter-Skip-Class-Scanning=true manifest attribute so JMeter can skip classfile scanning
2026-08-18 12:00:42,998 INFO o.a.j.r.ClassFinder: Will scan jar C:\Installers\apache-jmeter\apache-jmeter-5.6.3\lib\ext\di-kafkameter-1.3.jar with filter ExtendsClassFilter [parents=[interface org.apache.jmeter.visualizers.ResultRenderer], inner=false, contains=null, notContains=null]. Consider exposing JMeter plugins via META-INF/services, and add JMeter-Skip-Class-Scanning=true manifest attribute so JMeter can skip classfile scanning
2026-08-18 12:00:42,998 INFO o.a.j.r.ClassFinder: Will scan jar C:\Installers\apache-jmeter\apache-jmeter-5.6.3\lib\ext\jmeter-websocket-samplers-1.2.10.jar with filter ExtendsClassFilter [parents=[interface org.apache.jmeter.visualizers.ResultRenderer], inner=false, contains=null, notContains=null]. Consider exposing JMeter plugins via META-INF/services, and add JMeter-Skip-Class-Scanning=true manifest attribute so JMeter can skip classfile scanning
2026-08-18 12:00:43,001 INFO o.a.j.r.ClassFinder: Will scan jar C:\Installers\apache-jmeter\apache-jmeter-5.6.3\lib\ext\jmeter-plugins-manager-1.10.jar with filter ExtendsClassFilter [parents=[interface org.apache.jmeter.visualizers.ResultRenderer], inner=false, contains=null, notContains=null]. Consider exposing JMeter plugins via META-INF/services, and add JMeter-Skip-Class-Scanning=true manifest attribute so JMeter can skip classfile scanning
2026-08-18 12:00:43,003 INFO o.a.j.r.ClassFinder: Will scan jar C:\Installers\apache-jmeter\apache-jmeter-5.6.3\lib\ext\jmeter-plugins-dummy-0.4.jar with filter ExtendsClassFilter [parents=[interface org.apache.jmeter.visualizers.ResultRenderer], inner=false, contains=null, notContains=null]. Consider exposing JMeter plugins via META-INF/services, and add JMeter-Skip-Class-Scanning=true manifest attribute so JMeter can skip classfile scanning
2026-08-18 12:00:43,016 INFO o.a.j.r.ClassFinder: Will scan jar C:\Installers\apache-jmeter\apache-jmeter-5.6.3\lib\ext\di-kafkameter-1.3.jar with filter ExtendsClassFilter [parents=[interface org.apache.jmeter.visualizers.RequestView], inner=false, contains=null, notContains=null]. Consider exposing JMeter plugins via META-INF/services, and add JMeter-Skip-Class-Scanning=true manifest attribute so JMeter can skip classfile scanning
2026-08-18 12:00:43,016 INFO o.a.j.r.ClassFinder: Will scan jar C:\Installers\apache-jmeter\apache-jmeter-5.6.3\lib\ext\jmeter-websocket-samplers-1.2.10.jar with filter ExtendsClassFilter [parents=[interface org.apache.jmeter.visualizers.RequestView], inner=false, contains=null, notContains=null]. Consider exposing JMeter plugins via META-INF/services, and add JMeter-Skip-Class-Scanning=true manifest attribute so JMeter can skip classfile scanning
2026-08-18 12:00:43,019 INFO o.a.j.r.ClassFinder: Will scan jar C:\Installers\apache-jmeter\apache-jmeter-5.6.3\lib\ext\jmeter-plugins-manager-1.10.jar with filter ExtendsClassFilter [parents=[interface org.apache.jmeter.visualizers.RequestView], inner=false, contains=null, notContains=null]. Consider exposing JMeter plugins via META-INF/services, and add JMeter-Skip-Class-Scanning=true manifest attribute so JMeter can skip classfile scanning
2026-08-18 12:00:43,021 INFO o.a.j.r.ClassFinder: Will scan jar C:\Installers\apache-jmeter\apache-jmeter-5.6.3\lib\ext\jmeter-plugins-dummy-0.4.jar with filter ExtendsClassFilter [parents=[interface org.apache.jmeter.visualizers.RequestView], inner=false, contains=null, notContains=null]. Consider exposing JMeter plugins via META-INF/services, and add JMeter-Skip-Class-Scanning=true manifest attribute so JMeter can skip classfile scanning
2026-08-18 12:02:15,361 INFO o.a.j.g.JMeterUIDefaults: Applying font scale factor: 1.1
2026-08-18 12:02:18,718 INFO o.a.j.g.JMeterUIDefaults: Applying font scale factor: 1.21
2026-08-18 12:16:48,122 INFO o.a.j.s.FileServer: Default base='C:\workspace\interview\jmeter\scripts'
2026-08-18 12:16:48,123 INFO o.a.j.s.FileServer: Set new base='C:\workspace\interview\jmeter\scripts'
2026-08-18 12:23:10,469 INFO o.a.j.e.StandardJMeterEngine: Running the test!
2026-08-18 12:23:10,470 INFO o.a.j.s.SampleEvent: List of sample_variables: []
2026-08-18 12:23:10,470 INFO o.a.j.s.SampleEvent: List of sample_variables: []
2026-08-18 12:23:10,471 INFO o.a.j.e.u.CompoundVariable: Note: Function class names must contain the string: '.functions.'
2026-08-18 12:23:10,472 INFO o.a.j.e.u.CompoundVariable: Note: Function class names must not contain the string: '.gui.'
2026-08-18 12:23:10,534 INFO o.a.j.r.ClassFinder: Will scan jar C:\Installers\apache-jmeter\apache-jmeter-5.6.3\lib\ext\di-kafkameter-1.3.jar with filter ExtendsClassFilter [parents=[interface org.apache.jmeter.functions.Function], inner=false, contains=null, notContains=null]. Consider exposing JMeter plugins via META-INF/services, and add JMeter-Skip-Class-Scanning=true manifest attribute so JMeter can skip classfile scanning
2026-08-18 12:23:10,535 INFO o.a.j.r.ClassFinder: Will scan jar C:\Installers\apache-jmeter\apache-jmeter-5.6.3\lib\ext\jmeter-websocket-samplers-1.2.10.jar with filter ExtendsClassFilter [parents=[interface org.apache.jmeter.functions.Function], inner=false, contains=null, notContains=null]. Consider exposing JMeter plugins via META-INF/services, and add JMeter-Skip-Class-Scanning=true manifest attribute so JMeter can skip classfile scanning
2026-08-18 12:23:10,538 INFO o.a.j.r.ClassFinder: Will scan jar C:\Installers\apache-jmeter\apache-jmeter-5.6.3\lib\ext\jmeter-plugins-manager-1.10.jar with filter ExtendsClassFilter [parents=[interface org.apache.jmeter.functions.Function], inner=false, contains=null, notContains=null]. Consider exposing JMeter plugins via META-INF/services, and add JMeter-Skip-Class-Scanning=true manifest attribute so JMeter can skip classfile scanning
2026-08-18 12:23:10,540 INFO o.a.j.r.ClassFinder: Will scan jar C:\Installers\apache-jmeter\apache-jmeter-5.6.3\lib\ext\jmeter-plugins-dummy-0.4.jar with filter ExtendsClassFilter [parents=[interface org.apache.jmeter.functions.Function], inner=false, contains=null, notContains=null]. Consider exposing JMeter plugins via META-INF/services, and add JMeter-Skip-Class-Scanning=true manifest attribute so JMeter can skip classfile scanning
2026-08-18 12:23:10,545 INFO o.a.j.g.u.JMeterMenuBar: setRunning(true, *local*)
2026-08-18 12:23:10,618 INFO o.a.j.e.StandardJMeterEngine: Starting ThreadGroup: 1 : Thread Group
2026-08-18 12:23:10,618 INFO o.a.j.e.StandardJMeterEngine: Starting 1 threads for group Thread Group.
2026-08-18 12:23:10,618 INFO o.a.j.e.StandardJMeterEngine: Thread will start next loop on error
2026-08-18 12:23:10,619 INFO o.a.j.t.ThreadGroup: Starting thread group... number=1 threads=1 ramp-up=1 delayedStart=false
2026-08-18 12:23:10,623 INFO o.a.j.t.ThreadGroup: Started thread group number 1
2026-08-18 12:23:10,623 INFO o.a.j.e.StandardJMeterEngine: All thread groups have been started
2026-08-18 12:23:10,624 INFO o.a.j.t.JMeterThread: Thread started: Thread Group 1-1
2026-08-18 12:23:10,639 INFO o.a.j.p.h.s.HTTPHCAbstractImpl: Local host = Ibrahim-PC
2026-08-18 12:23:10,650 INFO o.a.j.p.h.s.HTTPHC4Impl: HTTP request retry count = 0
2026-08-18 12:23:10,712 INFO o.a.j.p.h.s.h.LazyLayeredConnectionSocketFactory: Setting up HTTPS TrustAll Socket Factory
2026-08-18 12:23:10,715 INFO o.a.j.u.JsseSSLManager: Using default SSL protocol: TLS
2026-08-18 12:23:10,715 INFO o.a.j.u.JsseSSLManager: SSL session context: per-thread
2026-08-18 12:23:10,738 INFO o.a.j.u.SSLManager: JmeterKeyStore Location:  type JKS
2026-08-18 12:23:10,739 INFO o.a.j.u.SSLManager: KeyStore created OK
2026-08-18 12:23:10,740 WARN o.a.j.u.SSLManager: Keystore file not found, loading empty keystore
2026-08-18 12:23:10,838 INFO o.a.j.t.JMeterThread: Thread is done: Thread Group 1-1
2026-08-18 12:23:10,838 INFO o.a.j.t.JMeterThread: Thread finished: Thread Group 1-1
2026-08-18 12:23:10,840 INFO o.a.j.e.StandardJMeterEngine: Notifying test listeners of end of test
2026-08-18 12:23:10,840 INFO o.a.j.g.u.JMeterMenuBar: setRunning(false, *local*)
2026-08-18 12:23:21,455 INFO o.a.j.g.JMeterUIDefaults: Applying font scale factor: 1.1
2026-08-18 12:23:28,681 INFO o.a.j.g.JMeterUIDefaults: Applying font scale factor: 1.1
2026-08-18 12:24:46,633 INFO o.a.j.e.StandardJMeterEngine: Running the test!
2026-08-18 12:24:46,634 INFO o.a.j.s.SampleEvent: List of sample_variables: []
2026-08-18 12:24:46,634 INFO o.a.j.g.u.JMeterMenuBar: setRunning(true, *local*)
2026-08-18 12:24:46,704 INFO o.a.j.e.StandardJMeterEngine: Starting ThreadGroup: 1 : Thread Group
2026-08-18 12:24:46,705 INFO o.a.j.e.StandardJMeterEngine: Starting 1 threads for group Thread Group.
2026-08-18 12:24:46,705 INFO o.a.j.e.StandardJMeterEngine: Thread will start next loop on error
2026-08-18 12:24:46,705 INFO o.a.j.t.ThreadGroup: Starting thread group... number=1 threads=1 ramp-up=1 delayedStart=false
2026-08-18 12:24:46,706 INFO o.a.j.t.ThreadGroup: Started thread group number 1
2026-08-18 12:24:46,706 INFO o.a.j.e.StandardJMeterEngine: All thread groups have been started
2026-08-18 12:24:46,707 INFO o.a.j.t.JMeterThread: Thread started: Thread Group 1-1
2026-08-18 12:24:46,814 INFO o.a.j.t.JMeterThread: Thread is done: Thread Group 1-1
2026-08-18 12:24:46,814 INFO o.a.j.t.JMeterThread: Thread finished: Thread Group 1-1
2026-08-18 12:24:46,814 INFO o.a.j.e.StandardJMeterEngine: Notifying test listeners of end of test
2026-08-18 12:24:46,815 INFO o.a.j.g.u.JMeterMenuBar: setRunning(false, *local*)
2026-08-18 12:24:55,229 INFO o.a.j.r.ClassFinder: Will scan jar C:\Installers\apache-jmeter\apache-jmeter-5.6.3\lib\ext\di-kafkameter-1.3.jar with filter ExtendsClassFilter [parents=[interface org.apache.jmeter.visualizers.RequestView], inner=false, contains=null, notContains=null]. Consider exposing JMeter plugins via META-INF/services, and add JMeter-Skip-Class-Scanning=true manifest attribute so JMeter can skip classfile scanning
2026-08-18 12:24:55,229 INFO o.a.j.r.ClassFinder: Will scan jar C:\Installers\apache-jmeter\apache-jmeter-5.6.3\lib\ext\jmeter-websocket-samplers-1.2.10.jar with filter ExtendsClassFilter [parents=[interface org.apache.jmeter.visualizers.RequestView], inner=false, contains=null, notContains=null]. Consider exposing JMeter plugins via META-INF/services, and add JMeter-Skip-Class-Scanning=true manifest attribute so JMeter can skip classfile scanning
2026-08-18 12:24:55,231 INFO o.a.j.r.ClassFinder: Will scan jar C:\Installers\apache-jmeter\apache-jmeter-5.6.3\lib\ext\jmeter-plugins-manager-1.10.jar with filter ExtendsClassFilter [parents=[interface org.apache.jmeter.visualizers.RequestView], inner=false, contains=null, notContains=null]. Consider exposing JMeter plugins via META-INF/services, and add JMeter-Skip-Class-Scanning=true manifest attribute so JMeter can skip classfile scanning
2026-08-18 12:24:55,233 INFO o.a.j.r.ClassFinder: Will scan jar C:\Installers\apache-jmeter\apache-jmeter-5.6.3\lib\ext\jmeter-plugins-dummy-0.4.jar with filter ExtendsClassFilter [parents=[interface org.apache.jmeter.visualizers.RequestView], inner=false, contains=null, notContains=null]. Consider exposing JMeter plugins via META-INF/services, and add JMeter-Skip-Class-Scanning=true manifest attribute so JMeter can skip classfile scanning
2026-08-18 12:27:52,699 INFO o.a.j.e.StandardJMeterEngine: Running the test!
2026-08-18 12:27:52,699 INFO o.a.j.s.SampleEvent: List of sample_variables: []
2026-08-18 12:27:52,700 INFO o.a.j.g.u.JMeterMenuBar: setRunning(true, *local*)
2026-08-18 12:27:52,742 INFO o.a.j.e.StandardJMeterEngine: Starting ThreadGroup: 1 : Thread Group
2026-08-18 12:27:52,742 INFO o.a.j.e.StandardJMeterEngine: Starting 1 threads for group Thread Group.
2026-08-18 12:27:52,743 INFO o.a.j.e.StandardJMeterEngine: Thread will start next loop on error
2026-08-18 12:27:52,743 INFO o.a.j.t.ThreadGroup: Starting thread group... number=1 threads=1 ramp-up=1 delayedStart=false
2026-08-18 12:27:52,744 INFO o.a.j.t.ThreadGroup: Started thread group number 1
2026-08-18 12:27:52,744 INFO o.a.j.e.StandardJMeterEngine: All thread groups have been started
2026-08-18 12:27:52,745 INFO o.a.j.t.JMeterThread: Thread started: Thread Group 1-1
2026-08-18 12:27:53,146 INFO o.a.j.t.JMeterThread: Thread is done: Thread Group 1-1
2026-08-18 12:27:53,146 INFO o.a.j.t.JMeterThread: Thread finished: Thread Group 1-1
2026-08-18 12:27:53,147 INFO o.a.j.e.StandardJMeterEngine: Notifying test listeners of end of test
2026-08-18 12:27:53,147 INFO o.a.j.g.u.JMeterMenuBar: setRunning(false, *local*)
2026-08-18 12:37:26,849 INFO o.a.j.e.StandardJMeterEngine: Running the test!
2026-08-18 12:37:26,850 INFO o.a.j.s.SampleEvent: List of sample_variables: []
2026-08-18 12:37:26,851 INFO o.a.j.g.u.JMeterMenuBar: setRunning(true, *local*)
2026-08-18 12:37:26,894 INFO o.a.j.e.StandardJMeterEngine: Starting ThreadGroup: 1 : Thread Group
2026-08-18 12:37:26,895 INFO o.a.j.e.StandardJMeterEngine: Starting 1 threads for group Thread Group.
2026-08-18 12:37:26,895 INFO o.a.j.e.StandardJMeterEngine: Thread will start next loop on error
2026-08-18 12:37:26,895 INFO o.a.j.t.ThreadGroup: Starting thread group... number=1 threads=1 ramp-up=1 delayedStart=false
2026-08-18 12:37:26,896 INFO o.a.j.t.ThreadGroup: Started thread group number 1
2026-08-18 12:37:26,896 INFO o.a.j.e.StandardJMeterEngine: All thread groups have been started
2026-08-18 12:37:26,897 INFO o.a.j.t.JMeterThread: Thread started: Thread Group 1-1
2026-08-18 12:37:27,563 INFO o.a.j.t.JMeterThread: Thread is done: Thread Group 1-1
2026-08-18 12:37:27,564 INFO o.a.j.t.JMeterThread: Thread finished: Thread Group 1-1
2026-08-18 12:37:27,564 INFO o.a.j.e.StandardJMeterEngine: Notifying test listeners of end of test
2026-08-18 12:37:27,565 INFO o.a.j.g.u.JMeterMenuBar: setRunning(false, *local*)
2026-08-18 12:38:31,456 INFO o.a.j.e.StandardJMeterEngine: Running the test!
2026-08-18 12:38:31,457 INFO o.a.j.s.SampleEvent: List of sample_variables: []
2026-08-18 12:38:31,458 INFO o.a.j.g.u.JMeterMenuBar: setRunning(true, *local*)
2026-08-18 12:38:31,504 INFO o.a.j.e.StandardJMeterEngine: Starting ThreadGroup: 1 : Thread Group
2026-08-18 12:38:31,504 INFO o.a.j.e.StandardJMeterEngine: Starting 1 threads for group Thread Group.
2026-08-18 12:38:31,504 INFO o.a.j.e.StandardJMeterEngine: Thread will start next loop on error
2026-08-18 12:38:31,504 INFO o.a.j.t.ThreadGroup: Starting thread group... number=1 threads=1 ramp-up=1 delayedStart=false
2026-08-18 12:38:31,506 INFO o.a.j.t.ThreadGroup: Started thread group number 1
2026-08-18 12:38:31,506 INFO o.a.j.e.StandardJMeterEngine: All thread groups have been started
2026-08-18 12:38:31,507 INFO o.a.j.t.JMeterThread: Thread started: Thread Group 1-1
2026-08-18 12:38:32,459 INFO o.a.j.t.JMeterThread: Thread is done: Thread Group 1-1
2026-08-18 12:38:32,459 INFO o.a.j.t.JMeterThread: Thread finished: Thread Group 1-1
2026-08-18 12:38:32,459 INFO o.a.j.e.StandardJMeterEngine: Notifying test listeners of end of test
2026-08-18 12:38:32,460 INFO o.a.j.g.u.JMeterMenuBar: setRunning(false, *local*)
2026-08-18 12:38:39,179 INFO o.a.j.e.StandardJMeterEngine: Running the test!
2026-08-18 12:38:39,179 INFO o.a.j.s.SampleEvent: List of sample_variables: []
2026-08-18 12:38:39,180 INFO o.a.j.g.u.JMeterMenuBar: setRunning(true, *local*)
2026-08-18 12:38:39,220 INFO o.a.j.e.StandardJMeterEngine: Starting ThreadGroup: 1 : Thread Group
2026-08-18 12:38:39,221 INFO o.a.j.e.StandardJMeterEngine: Starting 1 threads for group Thread Group.
2026-08-18 12:38:39,221 INFO o.a.j.e.StandardJMeterEngine: Thread will start next loop on error
2026-08-18 12:38:39,221 INFO o.a.j.t.ThreadGroup: Starting thread group... number=1 threads=1 ramp-up=1 delayedStart=false
2026-08-18 12:38:39,223 INFO o.a.j.t.ThreadGroup: Started thread group number 1
2026-08-18 12:38:39,223 INFO o.a.j.e.StandardJMeterEngine: All thread groups have been started
2026-08-18 12:38:39,223 INFO o.a.j.t.JMeterThread: Thread started: Thread Group 1-1
2026-08-18 12:38:39,963 INFO o.a.j.t.JMeterThread: Thread is done: Thread Group 1-1
2026-08-18 12:38:39,963 INFO o.a.j.t.JMeterThread: Thread finished: Thread Group 1-1
2026-08-18 12:38:39,964 INFO o.a.j.e.StandardJMeterEngine: Notifying test listeners of end of test
2026-08-18 12:38:39,964 INFO o.a.j.g.u.JMeterMenuBar: setRunning(false, *local*)
2026-08-18 12:40:11,138 INFO o.a.j.e.StandardJMeterEngine: Running the test!
2026-08-18 12:40:11,139 INFO o.a.j.s.SampleEvent: List of sample_variables: []
2026-08-18 12:40:11,140 INFO o.a.j.g.u.JMeterMenuBar: setRunning(true, *local*)
2026-08-18 12:40:11,172 INFO o.a.j.e.StandardJMeterEngine: Starting ThreadGroup: 1 : Thread Group
2026-08-18 12:40:11,173 INFO o.a.j.e.StandardJMeterEngine: Starting 1 threads for group Thread Group.
2026-08-18 12:40:11,173 INFO o.a.j.e.StandardJMeterEngine: Thread will start next loop on error
2026-08-18 12:40:11,173 INFO o.a.j.t.ThreadGroup: Starting thread group... number=1 threads=1 ramp-up=1 delayedStart=false
2026-08-18 12:40:11,174 INFO o.a.j.t.ThreadGroup: Started thread group number 1
2026-08-18 12:40:11,174 INFO o.a.j.e.StandardJMeterEngine: All thread groups have been started
2026-08-18 12:40:11,175 INFO o.a.j.t.JMeterThread: Thread started: Thread Group 1-1
2026-08-18 12:40:12,111 INFO o.a.j.t.JMeterThread: Thread is done: Thread Group 1-1
2026-08-18 12:40:12,113 INFO o.a.j.t.JMeterThread: Thread finished: Thread Group 1-1
2026-08-18 12:40:12,113 INFO o.a.j.e.StandardJMeterEngine: Notifying test listeners of end of test
2026-08-18 12:40:12,113 INFO o.a.j.g.u.JMeterMenuBar: setRunning(false, *local*)
2026-08-18 12:41:38,104 INFO o.a.j.e.StandardJMeterEngine: Running the test!
2026-08-18 12:41:38,104 INFO o.a.j.s.SampleEvent: List of sample_variables: []
2026-08-18 12:41:38,105 INFO o.a.j.g.u.JMeterMenuBar: setRunning(true, *local*)
2026-08-18 12:41:38,148 INFO o.a.j.e.StandardJMeterEngine: Starting ThreadGroup: 1 : Thread Group
2026-08-18 12:41:38,148 INFO o.a.j.e.StandardJMeterEngine: Starting 1 threads for group Thread Group.
2026-08-18 12:41:38,149 INFO o.a.j.e.StandardJMeterEngine: Thread will start next loop on error
2026-08-18 12:41:38,149 INFO o.a.j.t.ThreadGroup: Starting thread group... number=1 threads=1 ramp-up=1 delayedStart=false
2026-08-18 12:41:38,150 INFO o.a.j.t.ThreadGroup: Started thread group number 1
2026-08-18 12:41:38,150 INFO o.a.j.e.StandardJMeterEngine: All thread groups have been started
2026-08-18 12:41:38,150 INFO o.a.j.t.JMeterThread: Thread started: Thread Group 1-1
2026-08-18 12:41:38,908 ERROR o.a.j.e.j.j.JSONPostProcessor: Error processing JSON content in cAddedPostId, message: json can not be null or empty
2026-08-18 12:41:38,909 INFO o.a.j.t.JMeterThread: Thread is done: Thread Group 1-1
2026-08-18 12:41:38,909 INFO o.a.j.t.JMeterThread: Thread finished: Thread Group 1-1
2026-08-18 12:41:38,910 INFO o.a.j.e.StandardJMeterEngine: Notifying test listeners of end of test
2026-08-18 12:41:38,910 INFO o.a.j.g.u.JMeterMenuBar: setRunning(false, *local*)
2026-08-18 12:41:48,048 INFO o.a.j.e.StandardJMeterEngine: Running the test!
2026-08-18 12:41:48,049 INFO o.a.j.s.SampleEvent: List of sample_variables: []
2026-08-18 12:41:48,049 INFO o.a.j.g.u.JMeterMenuBar: setRunning(true, *local*)
2026-08-18 12:41:48,090 INFO o.a.j.e.StandardJMeterEngine: Starting ThreadGroup: 1 : Thread Group
2026-08-18 12:41:48,090 INFO o.a.j.e.StandardJMeterEngine: Starting 1 threads for group Thread Group.
2026-08-18 12:41:48,090 INFO o.a.j.e.StandardJMeterEngine: Thread will start next loop on error
2026-08-18 12:41:48,090 INFO o.a.j.t.ThreadGroup: Starting thread group... number=1 threads=1 ramp-up=1 delayedStart=false
2026-08-18 12:41:48,091 INFO o.a.j.t.ThreadGroup: Started thread group number 1
2026-08-18 12:41:48,092 INFO o.a.j.e.StandardJMeterEngine: All thread groups have been started
2026-08-18 12:41:48,092 INFO o.a.j.t.JMeterThread: Thread started: Thread Group 1-1
2026-08-18 12:41:49,120 ERROR o.a.j.e.j.j.JSONPostProcessor: Error processing JSON content in cAddedPostId, message: json can not be null or empty
2026-08-18 12:41:49,120 INFO o.a.j.t.JMeterThread: Thread is done: Thread Group 1-1
2026-08-18 12:41:49,121 INFO o.a.j.t.JMeterThread: Thread finished: Thread Group 1-1
2026-08-18 12:41:49,121 INFO o.a.j.e.StandardJMeterEngine: Notifying test listeners of end of test
2026-08-18 12:41:49,122 INFO o.a.j.g.u.JMeterMenuBar: setRunning(false, *local*)
2026-08-18 12:45:51,009 INFO o.a.j.e.StandardJMeterEngine: Running the test!
2026-08-18 12:45:51,009 INFO o.a.j.s.SampleEvent: List of sample_variables: []
2026-08-18 12:45:51,010 INFO o.a.j.g.u.JMeterMenuBar: setRunning(true, *local*)
2026-08-18 12:45:51,045 INFO o.a.j.e.StandardJMeterEngine: Starting ThreadGroup: 1 : Thread Group
2026-08-18 12:45:51,046 INFO o.a.j.e.StandardJMeterEngine: Starting 1 threads for group Thread Group.
2026-08-18 12:45:51,047 INFO o.a.j.e.StandardJMeterEngine: Thread will start next loop on error
2026-08-18 12:45:51,047 INFO o.a.j.t.ThreadGroup: Starting thread group... number=1 threads=1 ramp-up=1 delayedStart=false
2026-08-18 12:45:51,048 INFO o.a.j.t.ThreadGroup: Started thread group number 1
2026-08-18 12:45:51,048 INFO o.a.j.e.StandardJMeterEngine: All thread groups have been started
2026-08-18 12:45:51,049 INFO o.a.j.t.JMeterThread: Thread started: Thread Group 1-1
2026-08-18 12:45:52,064 INFO o.a.j.t.JMeterThread: Thread is done: Thread Group 1-1
2026-08-18 12:45:52,064 INFO o.a.j.t.JMeterThread: Thread finished: Thread Group 1-1
2026-08-18 12:45:52,065 INFO o.a.j.e.StandardJMeterEngine: Notifying test listeners of end of test
2026-08-18 12:45:52,065 INFO o.a.j.g.u.JMeterMenuBar: setRunning(false, *local*)
2026-08-18 12:46:22,119 INFO o.a.j.e.StandardJMeterEngine: Running the test!
2026-08-18 12:46:22,119 INFO o.a.j.s.SampleEvent: List of sample_variables: []
2026-08-18 12:46:22,121 INFO o.a.j.g.u.JMeterMenuBar: setRunning(true, *local*)
2026-08-18 12:46:22,159 INFO o.a.j.e.StandardJMeterEngine: Starting ThreadGroup: 1 : Thread Group
2026-08-18 12:46:22,161 INFO o.a.j.e.StandardJMeterEngine: Starting 1 threads for group Thread Group.
2026-08-18 12:46:22,161 INFO o.a.j.e.StandardJMeterEngine: Thread will start next loop on error
2026-08-18 12:46:22,161 INFO o.a.j.t.ThreadGroup: Starting thread group... number=1 threads=1 ramp-up=1 delayedStart=false
2026-08-18 12:46:22,162 INFO o.a.j.t.ThreadGroup: Started thread group number 1
2026-08-18 12:46:22,162 INFO o.a.j.e.StandardJMeterEngine: All thread groups have been started
2026-08-18 12:46:22,163 INFO o.a.j.t.JMeterThread: Thread started: Thread Group 1-1
2026-08-18 12:46:23,188 INFO o.a.j.t.JMeterThread: Thread is done: Thread Group 1-1
2026-08-18 12:46:23,188 INFO o.a.j.t.JMeterThread: Thread finished: Thread Group 1-1
2026-08-18 12:46:23,189 INFO o.a.j.e.StandardJMeterEngine: Notifying test listeners of end of test
2026-08-18 12:46:23,189 INFO o.a.j.g.u.JMeterMenuBar: setRunning(false, *local*)
2026-08-18 12:54:01,443 INFO o.a.j.e.StandardJMeterEngine: Running the test!
2026-08-18 12:54:01,444 INFO o.a.j.s.SampleEvent: List of sample_variables: []
2026-08-18 12:54:01,445 INFO o.a.j.g.u.JMeterMenuBar: setRunning(true, *local*)
2026-08-18 12:54:01,488 INFO o.a.j.e.StandardJMeterEngine: Starting ThreadGroup: 1 : Thread Group
2026-08-18 12:54:01,489 INFO o.a.j.e.StandardJMeterEngine: Starting 1 threads for group Thread Group.
2026-08-18 12:54:01,489 INFO o.a.j.e.StandardJMeterEngine: Thread will start next loop on error
2026-08-18 12:54:01,490 INFO o.a.j.t.ThreadGroup: Starting thread group... number=1 threads=1 ramp-up=1 delayedStart=false
2026-08-18 12:54:01,491 INFO o.a.j.t.ThreadGroup: Started thread group number 1
2026-08-18 12:54:01,491 INFO o.a.j.e.StandardJMeterEngine: All thread groups have been started
2026-08-18 12:54:01,492 INFO o.a.j.t.JMeterThread: Thread started: Thread Group 1-1
2026-08-18 12:54:02,544 INFO o.a.j.t.JMeterThread: Thread is done: Thread Group 1-1
2026-08-18 12:54:02,544 INFO o.a.j.t.JMeterThread: Thread finished: Thread Group 1-1
2026-08-18 12:54:02,545 INFO o.a.j.e.StandardJMeterEngine: Notifying test listeners of end of test
2026-08-18 12:54:02,546 INFO o.a.j.g.u.JMeterMenuBar: setRunning(false, *local*)
2026-08-18 12:54:17,711 INFO o.a.j.r.ClassFinder: Will scan jar C:\Installers\apache-jmeter\apache-jmeter-5.6.3\lib\ext\di-kafkameter-1.3.jar with filter ExtendsClassFilter [parents=[interface org.apache.jmeter.visualizers.RequestView], inner=false, contains=null, notContains=null]. Consider exposing JMeter plugins via META-INF/services, and add JMeter-Skip-Class-Scanning=true manifest attribute so JMeter can skip classfile scanning
2026-08-18 12:54:17,712 INFO o.a.j.r.ClassFinder: Will scan jar C:\Installers\apache-jmeter\apache-jmeter-5.6.3\lib\ext\jmeter-websocket-samplers-1.2.10.jar with filter ExtendsClassFilter [parents=[interface org.apache.jmeter.visualizers.RequestView], inner=false, contains=null, notContains=null]. Consider exposing JMeter plugins via META-INF/services, and add JMeter-Skip-Class-Scanning=true manifest attribute so JMeter can skip classfile scanning
2026-08-18 12:54:17,715 INFO o.a.j.r.ClassFinder: Will scan jar C:\Installers\apache-jmeter\apache-jmeter-5.6.3\lib\ext\jmeter-plugins-manager-1.10.jar with filter ExtendsClassFilter [parents=[interface org.apache.jmeter.visualizers.RequestView], inner=false, contains=null, notContains=null]. Consider exposing JMeter plugins via META-INF/services, and add JMeter-Skip-Class-Scanning=true manifest attribute so JMeter can skip classfile scanning
2026-08-18 12:54:17,718 INFO o.a.j.r.ClassFinder: Will scan jar C:\Installers\apache-jmeter\apache-jmeter-5.6.3\lib\ext\jmeter-plugins-dummy-0.4.jar with filter ExtendsClassFilter [parents=[interface org.apache.jmeter.visualizers.RequestView], inner=false, contains=null, notContains=null]. Consider exposing JMeter plugins via META-INF/services, and add JMeter-Skip-Class-Scanning=true manifest attribute so JMeter can skip classfile scanning
2026-08-18 12:54:44,642 INFO o.a.j.e.StandardJMeterEngine: Running the test!
2026-08-18 12:54:44,642 INFO o.a.j.s.SampleEvent: List of sample_variables: []
2026-08-18 12:54:44,643 INFO o.a.j.g.u.JMeterMenuBar: setRunning(true, *local*)
2026-08-18 12:54:44,678 INFO o.a.j.e.StandardJMeterEngine: Starting ThreadGroup: 1 : Thread Group
2026-08-18 12:54:44,678 INFO o.a.j.e.StandardJMeterEngine: Starting 1 threads for group Thread Group.
2026-08-18 12:54:44,678 INFO o.a.j.e.StandardJMeterEngine: Thread will start next loop on error
2026-08-18 12:54:44,678 INFO o.a.j.t.ThreadGroup: Starting thread group... number=1 threads=1 ramp-up=1 delayedStart=false
2026-08-18 12:54:44,680 INFO o.a.j.t.ThreadGroup: Started thread group number 1
2026-08-18 12:54:44,680 INFO o.a.j.e.StandardJMeterEngine: All thread groups have been started
2026-08-18 12:54:44,681 INFO o.a.j.t.JMeterThread: Thread started: Thread Group 1-1
2026-08-18 12:54:45,932 INFO o.a.j.t.JMeterThread: Thread is done: Thread Group 1-1
2026-08-18 12:54:45,932 INFO o.a.j.t.JMeterThread: Thread finished: Thread Group 1-1
2026-08-18 12:54:45,933 INFO o.a.j.e.StandardJMeterEngine: Notifying test listeners of end of test
2026-08-18 12:54:45,933 INFO o.a.j.g.u.JMeterMenuBar: setRunning(false, *local*)
2026-08-18 12:55:12,853 INFO o.a.j.e.StandardJMeterEngine: Running the test!
2026-08-18 12:55:12,853 INFO o.a.j.s.SampleEvent: List of sample_variables: []
2026-08-18 12:55:12,854 INFO o.a.j.g.u.JMeterMenuBar: setRunning(true, *local*)
2026-08-18 12:55:12,888 INFO o.a.j.e.StandardJMeterEngine: Starting ThreadGroup: 1 : Thread Group
2026-08-18 12:55:12,889 INFO o.a.j.e.StandardJMeterEngine: Starting 1 threads for group Thread Group.
2026-08-18 12:55:12,889 INFO o.a.j.e.StandardJMeterEngine: Thread will start next loop on error
2026-08-18 12:55:12,889 INFO o.a.j.t.ThreadGroup: Starting thread group... number=1 threads=1 ramp-up=1 delayedStart=false
2026-08-18 12:55:12,890 INFO o.a.j.t.ThreadGroup: Started thread group number 1
2026-08-18 12:55:12,890 INFO o.a.j.e.StandardJMeterEngine: All thread groups have been started
2026-08-18 12:55:12,891 INFO o.a.j.t.JMeterThread: Thread started: Thread Group 1-1
2026-08-18 12:55:14,126 INFO o.a.j.t.JMeterThread: Thread is done: Thread Group 1-1
2026-08-18 12:55:14,126 INFO o.a.j.t.JMeterThread: Thread finished: Thread Group 1-1
2026-08-18 12:55:14,127 INFO o.a.j.e.StandardJMeterEngine: Notifying test listeners of end of test
2026-08-18 12:55:14,127 INFO o.a.j.g.u.JMeterMenuBar: setRunning(false, *local*)
2026-08-18 13:02:50,551 INFO o.a.j.e.StandardJMeterEngine: Running the test!
2026-08-18 13:02:50,552 INFO o.a.j.s.SampleEvent: List of sample_variables: []
2026-08-18 13:02:50,554 INFO o.a.j.g.u.JMeterMenuBar: setRunning(true, *local*)
2026-08-18 13:02:50,596 INFO o.a.j.e.StandardJMeterEngine: Starting ThreadGroup: 1 : Thread Group
2026-08-18 13:02:50,596 INFO o.a.j.e.StandardJMeterEngine: Starting 1 threads for group Thread Group.
2026-08-18 13:02:50,596 INFO o.a.j.e.StandardJMeterEngine: Thread will start next loop on error
2026-08-18 13:02:50,596 INFO o.a.j.t.ThreadGroup: Starting thread group... number=1 threads=1 ramp-up=1 delayedStart=false
2026-08-18 13:02:50,597 INFO o.a.j.t.ThreadGroup: Started thread group number 1
2026-08-18 13:02:50,597 INFO o.a.j.e.StandardJMeterEngine: All thread groups have been started
2026-08-18 13:02:50,598 INFO o.a.j.t.JMeterThread: Thread started: Thread Group 1-1
2026-08-18 13:02:51,680 INFO o.a.j.t.JMeterThread: Thread is done: Thread Group 1-1
2026-08-18 13:02:51,680 INFO o.a.j.t.JMeterThread: Thread finished: Thread Group 1-1
2026-08-18 13:02:51,680 INFO o.a.j.e.StandardJMeterEngine: Notifying test listeners of end of test
2026-08-18 13:02:51,681 INFO o.a.j.g.u.JMeterMenuBar: setRunning(false, *local*)
2026-08-18 13:05:34,468 INFO o.a.j.e.StandardJMeterEngine: Running the test!
2026-08-18 13:05:34,469 INFO o.a.j.s.SampleEvent: List of sample_variables: []
2026-08-18 13:05:34,470 INFO o.a.j.g.u.JMeterMenuBar: setRunning(true, *local*)
2026-08-18 13:05:34,517 INFO o.a.j.e.StandardJMeterEngine: Starting ThreadGroup: 1 : Thread Group
2026-08-18 13:05:34,517 INFO o.a.j.e.StandardJMeterEngine: Starting 1 threads for group Thread Group.
2026-08-18 13:05:34,517 INFO o.a.j.e.StandardJMeterEngine: Thread will start next loop on error
2026-08-18 13:05:34,518 INFO o.a.j.t.ThreadGroup: Starting thread group... number=1 threads=1 ramp-up=1 delayedStart=false
2026-08-18 13:05:34,519 INFO o.a.j.t.ThreadGroup: Started thread group number 1
2026-08-18 13:05:34,519 INFO o.a.j.e.StandardJMeterEngine: All thread groups have been started
2026-08-18 13:05:34,520 INFO o.a.j.t.JMeterThread: Thread started: Thread Group 1-1
2026-08-18 13:05:36,024 INFO o.a.j.t.JMeterThread: Thread is done: Thread Group 1-1
2026-08-18 13:05:36,024 INFO o.a.j.t.JMeterThread: Thread finished: Thread Group 1-1
2026-08-18 13:05:36,025 INFO o.a.j.e.StandardJMeterEngine: Notifying test listeners of end of test
2026-08-18 13:05:36,025 INFO o.a.j.g.u.JMeterMenuBar: setRunning(false, *local*)
2026-08-18 13:08:46,738 INFO o.a.j.e.StandardJMeterEngine: Running the test!
2026-08-18 13:08:46,738 INFO o.a.j.s.SampleEvent: List of sample_variables: []
2026-08-18 13:08:47,892 INFO o.a.j.g.u.JMeterMenuBar: setRunning(true, *local*)
2026-08-18 13:08:47,941 INFO o.a.j.e.StandardJMeterEngine: Starting ThreadGroup: 1 : Thread Group
2026-08-18 13:08:47,942 INFO o.a.j.e.StandardJMeterEngine: Starting 1 threads for group Thread Group.
2026-08-18 13:08:47,942 INFO o.a.j.e.StandardJMeterEngine: Thread will start next loop on error
2026-08-18 13:08:47,942 INFO o.a.j.t.ThreadGroup: Starting thread group... number=1 threads=1 ramp-up=1 delayedStart=false
2026-08-18 13:08:47,944 INFO o.a.j.t.ThreadGroup: Started thread group number 1
2026-08-18 13:08:47,944 INFO o.a.j.e.StandardJMeterEngine: All thread groups have been started
2026-08-18 13:08:47,945 INFO o.a.j.t.JMeterThread: Thread started: Thread Group 1-1
2026-08-18 13:08:49,054 INFO o.a.j.t.JMeterThread: Thread is done: Thread Group 1-1
2026-08-18 13:08:49,054 INFO o.a.j.t.JMeterThread: Thread finished: Thread Group 1-1
2026-08-18 13:08:49,054 INFO o.a.j.e.StandardJMeterEngine: Notifying test listeners of end of test
2026-08-18 13:08:49,055 INFO o.a.j.g.u.JMeterMenuBar: setRunning(false, *local*)
2026-08-18 13:08:56,846 INFO o.a.j.e.StandardJMeterEngine: Running the test!
2026-08-18 13:08:56,846 INFO o.a.j.s.SampleEvent: List of sample_variables: []
2026-08-18 13:08:56,862 INFO o.a.j.g.u.JMeterMenuBar: setRunning(true, *local*)
2026-08-18 13:08:56,907 INFO o.a.j.e.StandardJMeterEngine: Starting ThreadGroup: 1 : Thread Group
2026-08-18 13:08:56,907 INFO o.a.j.e.StandardJMeterEngine: Starting 1 threads for group Thread Group.
2026-08-18 13:08:56,907 INFO o.a.j.e.StandardJMeterEngine: Thread will start next loop on error
2026-08-18 13:08:56,908 INFO o.a.j.t.ThreadGroup: Starting thread group... number=1 threads=1 ramp-up=1 delayedStart=false
2026-08-18 13:08:56,909 INFO o.a.j.t.ThreadGroup: Started thread group number 1
2026-08-18 13:08:56,909 INFO o.a.j.e.StandardJMeterEngine: All thread groups have been started
2026-08-18 13:08:56,910 INFO o.a.j.t.JMeterThread: Thread started: Thread Group 1-1
2026-08-18 13:08:57,876 INFO o.a.j.t.JMeterThread: Thread is done: Thread Group 1-1
2026-08-18 13:08:57,876 INFO o.a.j.t.JMeterThread: Thread finished: Thread Group 1-1
2026-08-18 13:08:57,877 INFO o.a.j.e.StandardJMeterEngine: Notifying test listeners of end of test
2026-08-18 13:08:57,877 INFO o.a.j.g.u.JMeterMenuBar: setRunning(false, *local*)
